// Jest Snapshot v1, https://goo.gl/fbAQLP

exports[`should match the snapshot 1`] = `
<button
  type="button"
>
  <div
    className="arrow"
  >
    <i
      className="fa-solid fa-circle-arrow-right arrow white"
    />
  </div>
  <div
    className="sec"
  >
    <h4
      className="back-text"
    >
      Click to see more stats
    </h4>
    <i
      fill="currentColor"
      style={
        Object {
          "display": "inline-block",
        }
      }
    >
      <svg
        fill="currentColor"
        height={20}
        style={
          Object {
            "display": "inline-block",
            "verticalAlign": "middle",
          }
        }
        viewBox="0 0 1792 1792"
        width={20}
      >
        <path
          d="M1728 893q0 14-10 24l-384 354q-16 14-35 6-19-9-19-29v-224h-1248q-14 0-23-9t-9-23v-192q0-14 9-23t23-9h1248v-224q0-21 19-29t35 5l384 350q10 10 10 23z"
        />
      </svg>
    </i>
  </div>
  <div
    className="flags"
  >
    <img
      alt="a country's graphic rep"
      className="graphics"
    />
    <div
      className="details"
    >
      <h2
        className="countryname color"
      />
      <h3
        className="color"
      >
         
        Capital :
         
      </h3>
      <h3
        className="color"
      >
         
        Population :
         
      </h3>
      <h3
        className="color"
      >
         
        Region :
         
      </h3>
    </div>
  </div>
</button>
`;
