// Jest Snapshot v1, https://goo.gl/fbAQLP

exports[`should match the snapshot 1`] = `
<div
  className="header"
>
  <div
    className="header_logo"
  >
    <i
      className="fas fa-globe"
    />
    <h1>
      The Globe Trotter !
    </h1>
  </div>
  <div
    className="globe"
  >
    <h2>
      Welcome To The Globe
    </h2>
  </div>
</div>
`;
